...F..........
======================================================================
FAIL: test_register_success (__main__.TestAuthentication.test_register_success)
----------------------------------------------------------------------
Traceback (most recent call last):
  File "/Users/dhriman/Desktop/GRE/GREY/GRE_Practiser/tests.py", line 66, in test_register_success
    self.assertIn(b'Log Out', response.data)
AssertionError: b'Log Out' not found in b'<!DOCTYPE html>\n<html lang="en">\n\n<head>\n    <meta charset="UTF-8">\n    <meta name="viewport" content="width=device-width, initial-scale=1.0">\n    <title>GRE Quantitative Practice</title>\n\n    <!-- Typography -->\n    <link rel="preconnect" href="https://fonts.googleapis.com">\n    <link rel="preconnect" href="https://fonts.gstatic.com" crossorigin>\n    <link\n        href="https://fonts.googleapis.com/css2?family=Inter:wght@400;500;600&family=Playfair+Display:wght@600;700&display=swap"\n        rel="stylesheet">\n\n    <!-- Main Styles -->\n    <link rel="stylesheet" href="/static/css/main.css">\n\n    \n<style>\n    .hero-section {\n        text-align: center;\n        padding: 4rem 0 5rem;\n        max-width: 800px;\n        margin: 0 auto;\n    }\n\n    .hero-title {\n        font-size: 3.5rem;\n        margin-bottom: 1.5rem;\n        color: var(--text-primary);\n    }\n\n    .hero-subtitle {\n        font-size: 1.25rem;\n        color: var(--text-secondary);\n        line-height: 1.7;\n        margin-bottom: 2.5rem;\n        font-weight: 400;\n    }\n\n    .test-grid {\n        display: grid;\n        grid-template-columns: repeat(auto-fit, minmax(300px, 1fr));\n        gap: 2rem;\n        margin-top: 2rem;\n    }\n\n    .test-card {\n        display: flex;\n        flex-direction: column;\n        height: 100%;\n        padding: 2.5rem;\n        text-align: center;\n        border: 1px solid var(--border-light);\n        background: white;\n        border-radius: var(--radius-lg);\n        transition: all 0.3s ease;\n    }\n\n    .test-card:hover {\n        transform: translateY(-4px);\n        box-shadow: var(--shadow-lg);\n        border-color: var(--text-tertiary);\n    }\n\n    .test-card h2 {\n        font-size: 1.5rem;\n        margin-bottom: 0.75rem;\n    }\n\n    .test-card p {\n        color: var(--text-secondary);\n        margin-bottom: 2rem;\n        flex-grow: 1;\n    }\n\n    .test-meta {\n        display: flex;\n        justify-content: center;\n        gap: 1rem;\n        margin-bottom: 1.5rem;\n        font-size: 0.9rem;\n        color: var(--text-tertiary);\n        font-weight: 500;\n    }\n\n    .login-prompt {\n        text-align: center;\n        padding: 4rem 2rem;\n        background: var(--bg-surface);\n        border: 1px solid var(--border-light);\n        border-radius: var(--radius-lg);\n        margin-top: 2rem;\n    }\n</style>\n\n</head>\n\n<body>\n    <header class="site-header">\n        <div class="container header-inner">\n            <a href="/" class="logo">\n                GRE<span>Practiser</span>\n            </a>\n\n            <nav class="nav-links">\n                \n                <span class="text-sm text-muted">test@example.com</span>\n                <a href="/profile" class="nav-link">Profile</a>\n                <a href="/logout" class="btn btn-text">Logout</a>\n                \n            </nav>\n        </div>\n    </header>\n\n    <main class="main-content container">\n        \n        \n        <div class="flash-messages">\n            \n            <div class="alert alert-success">\n                Account created successfully!\n            </div>\n            \n        </div>\n        \n        \n\n        \n<div class="hero-section">\n    <h1 class="hero-title">Master the Quant.</h1>\n    <p class="hero-subtitle">\n        Elevate your GRE score with our precision-engineered practice platform.\n        Realistic questions, adaptive difficulty, and instant analytics.\n    </p>\n\n    \n</div>\n\n\n<div class="test-grid">\n    <!-- Quick Practice -->\n    <form method="post" action="/start_test" class="test-card">\n        <input type="hidden" name="format" value="quick">\n        <h2>Quick Drill</h2>\n        <div class="test-meta">\n            <span>12 Questions</span>\n            <span>\xe2\x80\xa2</span>\n            <span>18 Mins</span>\n        </div>\n        <p>A focused session designed for rapid reinforcement of core concepts.</p>\n        <button class="btn btn-primary" type="submit">Start Drill</button>\n    </form>\n\n    <!-- Standard Practice -->\n    <form method="post" action="/start_test" class="test-card">\n        <input type="hidden" name="format" value="standard">\n        <h2>Standard Section</h2>\n        <div class="test-meta">\n            <span>15 Questions</span>\n            <span>\xe2\x80\xa2</span>\n            <span>23 Mins</span>\n        </div>\n        <p>Simulates a single GRE Quantitative section with balanced difficulty.</p>\n        <button class="btn btn-primary" type="submit">Start Section</button>\n    </form>\n\n    <!-- Full Test -->\n    <form method="post" action="/start_test" class="test-card">\n        <input type="hidden" name="format" value="full">\n        <h2>Full Mock</h2>\n        <div class="test-meta">\n            <span>27 Questions</span>\n            <span>\xe2\x80\xa2</span>\n            <span>47 Mins</span>\n        </div>\n        <p>Comprehensive assessment covering all topics. Best for weekend practice.</p>\n        <button class="btn btn-primary" type="submit">Start Mock</button>\n    </form>\n</div>\n\n\n    </main>\n\n    <footer class="container" style="padding: 2rem 0; border-top: 1px solid var(--border-light); margin-top: auto;">\n        <div class="text-center text-sm text-muted">\n            &copy;\n            <script>document.write(new Date().getFullYear())</script> GRE Practiser. Designed for Excellence.\n        </div>\n    </footer>\n\n    \n</body>\n\n</html>'

----------------------------------------------------------------------
Ran 14 tests in 0.677s

FAILED (failures=1)
